------------------------------------------------------------
TimeQuest Timing Analyzer Summary
------------------------------------------------------------

Type  : Slow 1200mV 85C Model Setup 'CLOCK_50'
Slack : -4.043
TNS   : -67.149

Type  : Slow 1200mV 85C Model Setup 'ClkDividerN:clk_div_4hz|clkOut'
Slack : -1.740
TNS   : -27.830

Type  : Slow 1200mV 85C Model Hold 'ClkDividerN:clk_div_4hz|clkOut'
Slack : 0.388
TNS   : 0.000

Type  : Slow 1200mV 85C Model Hold 'CLOCK_50'
Slack : 0.655
TNS   : 0.000

Type  : Slow 1200mV 85C Model Minimum Pulse Width 'CLOCK_50'
Slack : -3.000
TNS   : -44.120

Type  : Slow 1200mV 85C Model Minimum Pulse Width 'ClkDividerN:clk_div_4hz|clkOut'
Slack : -1.285
TNS   : -26.985

Type  : Slow 1200mV 0C Model Setup 'CLOCK_50'
Slack : -3.637
TNS   : -57.524

Type  : Slow 1200mV 0C Model Setup 'ClkDividerN:clk_div_4hz|clkOut'
Slack : -1.482
TNS   : -23.432

Type  : Slow 1200mV 0C Model Hold 'ClkDividerN:clk_div_4hz|clkOut'
Slack : 0.340
TNS   : 0.000

Type  : Slow 1200mV 0C Model Hold 'CLOCK_50'
Slack : 0.598
TNS   : 0.000

Type  : Slow 1200mV 0C Model Minimum Pulse Width 'CLOCK_50'
Slack : -3.000
TNS   : -44.120

Type  : Slow 1200mV 0C Model Minimum Pulse Width 'ClkDividerN:clk_div_4hz|clkOut'
Slack : -1.285
TNS   : -26.985

Type  : Fast 1200mV 0C Model Setup 'CLOCK_50'
Slack : -1.458
TNS   : -17.453

Type  : Fast 1200mV 0C Model Setup 'ClkDividerN:clk_div_4hz|clkOut'
Slack : -0.321
TNS   : -3.352

Type  : Fast 1200mV 0C Model Hold 'ClkDividerN:clk_div_4hz|clkOut'
Slack : 0.176
TNS   : 0.000

Type  : Fast 1200mV 0C Model Hold 'CLOCK_50'
Slack : 0.298
TNS   : 0.000

Type  : Fast 1200mV 0C Model Minimum Pulse Width 'CLOCK_50'
Slack : -3.000
TNS   : -36.942

Type  : Fast 1200mV 0C Model Minimum Pulse Width 'ClkDividerN:clk_div_4hz|clkOut'
Slack : -1.000
TNS   : -21.000

------------------------------------------------------------
